c:\users\selen\onedrive\documentos\github\trickster-launcher\source\newlauncher\output\trickster launcher\vc143.pdb
c:\users\selen\onedrive\documentos\github\trickster-launcher\source\newlauncher\output\trickster launcher\main.obj
c:\users\selen\onedrive\documentos\github\trickster-launcher\source\newlauncher\output\trickster launcher\language.obj
c:\users\selen\onedrive\documentos\github\trickster-launcher\source\newlauncher\output\trickster launcher\helper.obj
c:\users\selen\onedrive\documentos\github\trickster-launcher\source\newlauncher\output\trickster launcher\gui.obj
c:\users\selen\onedrive\documentos\github\trickster-launcher\source\newlauncher\output\trickster launcher\crypt.obj
c:\users\selen\onedrive\documentos\github\trickster-launcher\source\newlauncher\output\trickster launcher\config.obj
c:\users\selen\onedrive\documentos\github\trickster-launcher\source\newlauncher\output\trickster launcher\imgui_widgets.obj
c:\users\selen\onedrive\documentos\github\trickster-launcher\source\newlauncher\output\trickster launcher\imgui_tables.obj
c:\users\selen\onedrive\documentos\github\trickster-launcher\source\newlauncher\output\trickster launcher\imgui_draw.obj
c:\users\selen\onedrive\documentos\github\trickster-launcher\source\newlauncher\output\trickster launcher\imgui.obj
c:\users\selen\onedrive\documentos\github\trickster-launcher\source\newlauncher\output\trickster launcher\imgui_impl_win32.obj
c:\users\selen\onedrive\documentos\github\trickster-launcher\source\newlauncher\output\trickster launcher\imgui_impl_dx9.obj
c:\users\selen\onedrive\documentos\github\trickster-launcher\output\trickster launcher\splash.exe
c:\users\selen\onedrive\documentos\github\trickster-launcher\output\trickster launcher\splash.pdb
c:\users\selen\onedrive\documentos\github\trickster-launcher\source\newlauncher\output\trickster launcher\newlauncher.res
c:\users\selen\onedrive\documentos\github\trickster-launcher\source\newlauncher\output\trickster launcher\splash.ipdb
c:\users\selen\onedrive\documentos\github\trickster-launcher\source\newlauncher\output\trickster launcher\splash.iobj
c:\users\selen\onedrive\documentos\github\trickster-launcher\source\newlauncher\output\trickster launcher\launcher.tlog\cl.command.1.tlog
c:\users\selen\onedrive\documentos\github\trickster-launcher\source\newlauncher\output\trickster launcher\launcher.tlog\cl.items.tlog
c:\users\selen\onedrive\documentos\github\trickster-launcher\source\newlauncher\output\trickster launcher\launcher.tlog\cl.read.1.tlog
c:\users\selen\onedrive\documentos\github\trickster-launcher\source\newlauncher\output\trickster launcher\launcher.tlog\cl.write.1.tlog
c:\users\selen\onedrive\documentos\github\trickster-launcher\source\newlauncher\output\trickster launcher\launcher.tlog\link.command.1.tlog
c:\users\selen\onedrive\documentos\github\trickster-launcher\source\newlauncher\output\trickster launcher\launcher.tlog\link.read.1.tlog
c:\users\selen\onedrive\documentos\github\trickster-launcher\source\newlauncher\output\trickster launcher\launcher.tlog\link.secondary.1.tlog
c:\users\selen\onedrive\documentos\github\trickster-launcher\source\newlauncher\output\trickster launcher\launcher.tlog\link.write.1.tlog
c:\users\selen\onedrive\documentos\github\trickster-launcher\source\newlauncher\output\trickster launcher\launcher.tlog\rc.command.1.tlog
c:\users\selen\onedrive\documentos\github\trickster-launcher\source\newlauncher\output\trickster launcher\launcher.tlog\rc.read.1.tlog
c:\users\selen\onedrive\documentos\github\trickster-launcher\source\newlauncher\output\trickster launcher\launcher.tlog\rc.write.1.tlog
